// Jest Snapshot v1, https://goo.gl/fbAQLP

exports[`test in CounterApp should mostrar CounterApp correctamnete 1`] = `
<Fragment>
  <h1>
    CounterApp
  </h1>
  <h2>
    20
  </h2>
  <button
    onClick={[Function]}
  >
    +1
  </button>
  <button
    onClick={[Function]}
  >
    Reset
  </button>
  <button
    onClick={[Function]}
  >
    -1
  </button>
</Fragment>
`;
